2026-09-30T17:00:08.317Z	HARD-RULE	My card was stolen
2026-09-30T17:02:15.229Z	model	What are your opening hours?
2026-09-30T17:06:17.353Z	model	What are your opening hours?
2026-09-30T17:13:51.316Z	model	What are your opening hours?
2026-09-30T17:17:01.860Z	model	What are your opening hours?
2026-09-30T17:17:13.739Z	HARD-RULE	My card was stolen
2026-09-30T17:17:19.348Z	model	What are your opening hours?
2026-09-30T17:21:46.501Z	model	What are your opening hours?
2026-09-30T17:29:10.712Z	model	What are your opening hours?
2026-09-30T17:30:00.315Z	model	What are your opening hours?
2026-09-30T17:32:21.123Z	model	What are your opening hours?
2026-09-30T17:38:41.214Z	HARD-RULE	My card was stolen
2026-09-30T17:38:46.195Z	model	What are your opening hours?
2026-09-30T17:39:44.756Z	model	What are your opening hours?
2026-09-30T17:40:20.414Z	model	What is my daily ATM limit?
2026-09-30T17:44:57.684Z	model	What is my daily ATM limit?
2026-09-30T17:47:58.620Z	HARD-RULE	my card was stolen
2026-09-30T17:49:02.579Z	model	What are your opening hours?
2026-09-30T17:49:18.238Z	model	What are your opening hours?
2026-09-30T17:56:51.958Z	model	What is my daily ATM limit?
2026-09-30T17:57:19.341Z	model	What are your opening hours?
2026-09-30T17:57:51.747Z	model	How much is an international transfer?
2026-09-30T17:58:06.276Z	model	What is my balance?
2026-09-30T17:59:42.331Z	model	Should I take the personal loan or the home loan?
2026-09-30T17:59:50.943Z	model	Do you sell insurance?
2026-10-01T15:14:38.180Z	model	Do you sell insurance?
2026-10-01T15:17:38.633Z	model	Do you sell insurance?
2026-10-01T15:19:48.608Z	model	Do you sell insurance?
2026-10-01T15:21:18.606Z	model	Do you sell insurance?
2026-10-01T15:21:31.312Z	model	What is my balance?
